 Energy Avg: 377.735

 E2avg 285368
 Epavg: 165.434
 Ekavg: 227.021
 Tavg: 149.043
 Pavg: 17543.3
 P2avg: 6.15533e+08
